[1] 载入音频
  ok  音频已解码  [8000ms]
  截图: C:\Users\x1927\Desktop\fh\build\shot_wave.png
[2] 自动 BPM / 自动铺点
  ok  BPM≈120  [120.30 conf=1.00]
  ok  偏移在 0~500ms  [479ms]
  ok  铺出的音符数≈16  [15]
  ok  网格对齐后间隔≈500ms  [499ms]
  截图: C:\Users\x1927\Desktop\fh\build\shot_notes.png
[3] 播放 1.2 秒验证走带
  ok  播放位置推进  [2147ms]
[5] 导入参考视频（带声音）
  ok  胶片条已生成  [32]
  ok  视频有音轨  [{'has': True, 'channels': 1, 'sample_rate': 48000, 'codec': 'aac'}]
  ok  视频声音已作为工作音频  [8000ms]
  ok  镜头切换检出 3 次  [[2000, 4000, 6000]]
  ok  时间轴时长跟随视频  [8000]
  ok  频谱图已生成  [(192, 747)]
  ok  频谱有内容（不是全黑）  [max=249]
  截图: C:\Users\x1927\Desktop\fh\build\shot_video.png
[6] 区间批量填充
  ok  对话框算出 9 个位置  [9]
  ok  按节拍模式可用  [5]
  ok  交替类型返回两组
  ok  实际填入 9 个音符  [9]
  ok  填充可撤销  [15]
[4] 从界面导出透明视频
  ok  导出完成未取消
  ok  输出文件存在  [C:\Users\x1927\Desktop\fh\build\e2e_bar.mov]
  ffprobe: codec_name=qtrle width=1920 height=120 pix_fmt=argb nb_frames=90
  ok  编码=qtrle 且帧数=90  [codec_name=qtrle width=1920 height=120 pix_fmt=argb nb_frames=90]
  ok  alpha 通道有效（既有透明也有不透明）  [min=76 max=255]

端到端全部通过
