[时间映射]
  ok  120bpm 一拍=500ms
  ok  500ms = 1 拍
  ok  变速后 2000ms = 4 拍
  ok  变速后 2250ms = 5 拍  [5.0]
  ok  往返一致
  ok  吸附到十六分  [500.0]
  ok  网格线数量合理
[谱面/撤销]
  ok  加音符
  ok  两个音符
  ok  撤销后剩 1 个
  ok  重做后 2 个
  ok  删除
  ok  撤销删除
  ok  范围查询
  ok  边界查询
[音频分析]
  ok  解码帧数  [(384000, 2)]
  ok  峰值数组  [max=0.68]
  ok  BPM≈120  [120.30 conf=1.00]
  ok  起音个数≈16  [15]
  ok  起音间隔≈500ms  [median=501.3]
[频谱图]
  ok  形状 (行=频率, 列=时间)  [(192, 184)]
  ok  1kHz 在亮行里  [[922, 952, 983, 1015, 1048, 5921]]
  ok  6kHz 在亮行里  [[922, 952, 983, 1015, 1048, 5921]]
  ok  能生成 QImage
[界面]
  ok  时间轴构件存在
  ok  打点加了 1 个音符
  ok  撤销打点
  ok  全选
  ok  粘贴后有更多音符
  截图: C:\Users\x1927\Desktop\fh\build\ui_main.png
  ok  导出范围合理  [0~25552]

全部通过
