[鼠标模式]
  ok  默认是选择模式  [select]
  ok  选择模式下单击空白不加点  [0]
  ok  空白拖动框选到音符  [1]
  ok  切到放置模式  [draw]
  ok  放置模式单击加点  [1]
  ok  音符类型=第 1 行  [cyan]
  ok  拖动连续刷出多个音符  [+15]
  ok  连续刷可一次撤销  [1]
  ok  拖动后时间变了  [1500 -> 2625]
  ok  撤销回到原位
  ok  纵向拖动换了类型  [magenta]
  ok  把手落在长条判定区  [x=314]
  ok  拖尾部生成长条  [dur=875ms]
[区间框选 与 播放头拖动]
  ok  标尺普通拖动 = 拖播放头（不再被区间占用）  [pos=3492 有区间=False]
  ok  波形区普通拖动 = 拖播放头  [pos=3492]
  ok  Shift+拖动 = 框选区间  [500~3500]
  ok  区间宽度≈3000ms  [3000ms]
  ok  波形区 Shift+拖动也能框选区间  [3000ms]
  ok  框选区间模式下在音符行拖动也能框选  [3000ms]
[循环区间]
  ok  区间可转成循环区间  [1000~3000 on=True]
  ok  转循环后区间高亮自动清掉
  ok  能取消循环区间  [on=False a=0.0]
  ok  取消勾选「循环」后状态正确
  ok  按框选区间填入 9 个  [+9]
  ok  填充范围正确  [1000~3000]
  ok  填充后可撤销
  ok  Delete 删除选中  [10 -> 0]
  ok  F 键在播放头附近打点  [1]
  ok  粘贴成功
  ok  Tab 切到放置模式  [draw]
  ok  Tab 再切到框选区间模式  [range]
  ok  Tab 循环回选择模式  [select]
  ok  R 直接切框选区间  [range]
  ok  V 切回选择  [select]
  ok  缩放生效  [0.105 -> 0.158]
  ok  保存工程  [C:\Users\x1927\Desktop\fh\build\interact.rbarproj]
  ok  读回工程音符数一致  [22 vs 22]
  ok  读回 BPM 一致
  ok  加 BPM 段后拍映射变化
  ok  删 BPM 段

交互全部通过
